00:00:34 **** Incremental Build of configuration Debug for project Device_Drivers ****
make -j16 all 
arm-none-eabi-gcc "../Src/main.c" -mcpu=cortex-m4 -std=gnu11 -g3 -DDEBUG -DSTM32F411VETx -DSTM32 -DSTM32F4 -c -I../Inc -I"E:/GITHUB/STM32_Device_Drivers/Device_Drivers/Drivers/Inc" -O0 -ffunction-sections -fdata-sections -Wall -fstack-usage -fcyclomatic-complexity -MMD -MP -MF"Src/main.d" -MT"Src/main.o" --specs=nano.specs -mfpu=fpv4-sp-d16 -mfloat-abi=hard -mthumb -o "Src/main.o"
../Src/main.c: In function 'main':
../Src/main.c:67:5: warning: 'main' is normally a non-static function [-Wmain]
   67 | int main(void)
      |     ^~~~
../Src/main.c: At top level:
../Src/main.c:67:5: warning: 'main' defined but not used [-Wunused-function]
arm-none-eabi-gcc -o "Device_Drivers.elf" @"objects.list"   -mcpu=cortex-m4 -T"E:\GITHUB\STM32_Device_Drivers\Device_Drivers\STM32F411VETX_FLASH.ld" --specs=nosys.specs -Wl,-Map="Device_Drivers.map" -Wl,--gc-sections -static --specs=nano.specs -mfpu=fpv4-sp-d16 -mfloat-abi=hard -mthumb -Wl,--start-group -lc -lm -Wl,--end-group
C:/ST/STM32CubeIDE_2.0.0/STM32CubeIDE/plugins/com.st.stm32cube.ide.mcu.externaltools.gnu-tools-for-stm32.13.3.rel1.win32_1.0.100.202509120712/tools/bin/../lib/gcc/arm-none-eabi/13.3.1/../../../../arm-none-eabi/bin/ld.exe: warning: Device_Drivers.elf has a LOAD segment with RWX permissions
Finished building target: Device_Drivers.elf
 
arm-none-eabi-size  Device_Drivers.elf 
arm-none-eabi-objdump -h -S Device_Drivers.elf  > "Device_Drivers.list"
   text	   data	    bss	    dec	    hex	filename
    860	      8	   1568	   2436	    984	Device_Drivers.elf
Finished building: default.size.stdout
 
Finished building: Device_Drivers.list
 
00:00:39 **** Incremental Build of configuration Debug for project Device_Drivers ****
make -j16 all 
arm-none-eabi-size  Device_Drivers.elf 
   text	   data	    bss	    dec	    hex	filename
    860	      8	   1568	   2436	    984	Device_Drivers.elf
Finished building: default.size.stdout
 
00:02:01 **** Incremental Build of configuration Debug for project Device_Drivers ****
make -j16 all 
arm-none-eabi-gcc "../Src/main.c" -mcpu=cortex-m4 -std=gnu11 -g3 -DDEBUG -DSTM32F411VETx -DSTM32 -DSTM32F4 -c -I../Inc -I"E:/GITHUB/STM32_Device_Drivers/Device_Drivers/Drivers/Inc" -O0 -ffunction-sections -fdata-sections -Wall -fstack-usage -fcyclomatic-complexity -MMD -MP -MF"Src/main.d" -MT"Src/main.o" --specs=nano.specs -mfpu=fpv4-sp-d16 -mfloat-abi=hard -mthumb -o "Src/main.o"
arm-none-eabi-gcc -o "Device_Drivers.elf" @"objects.list"   -mcpu=cortex-m4 -T"E:\GITHUB\STM32_Device_Drivers\Device_Drivers\STM32F411VETX_FLASH.ld" --specs=nosys.specs -Wl,-Map="Device_Drivers.map" -Wl,--gc-sections -static --specs=nano.specs -mfpu=fpv4-sp-d16 -mfloat-abi=hard -mthumb -Wl,--start-group -lc -lm -Wl,--end-group
C:/ST/STM32CubeIDE_2.0.0/STM32CubeIDE/plugins/com.st.stm32cube.ide.mcu.externaltools.gnu-tools-for-stm32.13.3.rel1.win32_1.0.100.202509120712/tools/bin/../lib/gcc/arm-none-eabi/13.3.1/../../../../arm-none-eabi/bin/ld.exe: warning: Device_Drivers.elf has a LOAD segment with RWX permissions
Finished building target: Device_Drivers.elf
 
arm-none-eabi-size  Device_Drivers.elf 
arm-none-eabi-objdump -h -S Device_Drivers.elf  > "Device_Drivers.list"
   text	   data	    bss	    dec	    hex	filename
   3484	     20	   1564	   5068	   13cc	Device_Drivers.elf
Finished building: default.size.stdout
 
Finished building: Device_Drivers.list
 
00:06:06 **** Incremental Build of configuration Debug for project Device_Drivers ****
make -j16 all 
arm-none-eabi-size  Device_Drivers.elf 
   text	   data	    bss	    dec	    hex	filename
   3484	     20	   1564	   5068	   13cc	Device_Drivers.elf
Finished building: default.size.stdout
 
00:07:37 **** Incremental Build of configuration Debug for project Device_Drivers ****
make -j16 all 
arm-none-eabi-size  Device_Drivers.elf 
   text	   data	    bss	    dec	    hex	filename
   3484	     20	   1564	   5068	   13cc	Device_Drivers.elf
Finished building: default.size.stdout
 
